PS C:\TheWhite\BackEnd\ДЗ2\storage> mvn clean package                 
[INFO] Scanning for projects...
[INFO] 
[INFO] ---------------------< com.thewhite.study:storage >---------------------
[INFO] Building storage 1.0-SNAPSHOT
[INFO]   from pom.xml
[INFO] --------------------------------[ jar ]---------------------------------
[INFO] 
[INFO] --- clean:3.2.0:clean (default-clean) @ storage ---
[INFO] Deleting C:\TheWhite\BackEnd\╨Ф╨Ч2\storage\target
[INFO]
[INFO] --- resources:3.3.1:resources (default-resources) @ storage ---
[INFO] Copying 1 resource from src\main\resources to target\classes
[INFO] Copying 0 resource from src\main\resources to target\classes
[INFO]
[INFO] --- compiler:3.11.0:compile (default-compile) @ storage ---
[INFO] Changes detected - recompiling the module! :source
[INFO] Compiling 5 source files with javac [debug release 17] to target\classes
[INFO] 
[INFO] --- resources:3.3.1:testResources (default-testResources) @ storage ---
[INFO] skip non existing resourceDirectory C:\TheWhite\BackEnd\╨Ф╨Ч2\storage\src\test\resources
[INFO]
[INFO] --- compiler:3.11.0:testCompile (default-testCompile) @ storage ---
[INFO] Changes detected - recompiling the module! :dependency
[INFO] Compiling 3 source files with javac [debug release 17] to target\test-classes
[INFO] 
[INFO] --- surefire:3.0.0:test (default-test) @ storage ---
[INFO] Using auto detected provider org.apache.maven.surefire.junitplatform.JUnitPlatformProvider
[INFO] 
[INFO] -------------------------------------------------------
[INFO]  T E S T S
[INFO] -------------------------------------------------------
[INFO] Running com.thewhite.study.DataRepositoryTest
WARNING: A Java agent has been loaded dynamically (C:\Users\Boyarka\.m2\repository\net\bytebuddy\byte-buddy-agent\1.14.9\byte-buddy-agent-1.14.9.jar)
WARNING: If a serviceability tool is in use, please run with -XX:+EnableDynamicAgentLoading to hide this warning
WARNING: If a serviceability tool is not in use, please run with -Djdk.instrument.traceUsage for more information
WARNING: Dynamic loading of agents will be disallowed by default in a future release
OpenJDK 64-Bit Server VM warning: Sharing is only supported for boot loader classes because bootstrap classpath has been appended
╨Э╨╡╨▓╨╡╤А╨╜╤Л╨╣ ╤Д╨╛╤А╨╝╨░╤В ID. ╨Я╨╛╨┐╤А╨╛╨▒╤Г╨╣╤В╨╡ ╤Б╨╜╨╛╨▓╨░!
[INFO] Tests run: 4, Failures: 0, Errors: 0, Skipped: 0, Time elapsed: 0.806 s - in com.thewhite.study.DataRepositoryTest
[INFO] Running com.thewhite.study.WriterReaderFileTest
[INFO] Tests run: 2, Failures: 0, Errors: 0, Skipped: 0, Time elapsed: 0.057 s - in com.thewhite.study.WriterReaderFileTest
[INFO] 
[INFO] Results:
[INFO]
[INFO] Tests run: 6, Failures: 0, Errors: 0, Skipped: 0
[INFO]
[INFO]
[INFO] --- jar:3.3.0:jar (default-jar) @ storage ---
[INFO] Building jar: C:\TheWhite\BackEnd\╨Ф╨Ч2\storage\target\storage-1.0-SNAPSHOT.jar
[INFO] 
[INFO] --- spring-boot:3.1.5:repackage (repackage) @ storage ---
[INFO] Replacing main artifact C:\TheWhite\BackEnd\╨Ф╨Ч2\storage\target\storage-1.0-SNAPSHOT.jar with repackaged archive, adding nested dependencies in BOOT-INF/.
[INFO] The original artifact has been renamed to C:\TheWhite\BackEnd\╨Ф╨Ч2\storage\target\storage-1.0-SNAPSHOT.jar.original
[INFO] ------------------------------------------------------------------------
[INFO] BUILD SUCCESS
[INFO] ------------------------------------------------------------------------
[INFO] Total time:  4.785 s
[INFO] Finished at: 2023-11-08T15:32:08+10:00
[INFO] ------------------------------------------------------------------------
PS C:\TheWhite\BackEnd\ДЗ2\storage> 